// Jest Snapshot v1, https://goo.gl/fbAQLP

exports[`List component renders the UI as expected 1`] = `
<div>
  <section
    className="list"
  >
    <header>
      test
    </header>
    <div
      className="List-cards"
    >
      <div
        className="Card"
      >
        <h3 />
        <p />
      </div>
      <div
        className="Card"
      >
        <h3 />
        <p />
      </div>
      <div
        className="Card"
      >
        <h3 />
        <p />
      </div>
      <div
        className="Card"
      >
        <h3 />
        <p />
      </div>
    </div>
  </section>
</div>
`;
